[getbootstrap.com/index.html]
[backblue.gif]
[fade.gif]
[index.html]
[getbootstrap.com/docs/4.3/assets/css/docs.min.css]
[getbootstrap.com/docs/4.3/dist/css/bootstrap.min.css]
[getbootstrap.com/docs/4.3/assets/img/favicons/apple-touch-icon.png]
[getbootstrap.com/docs/4.3/assets/img/favicons/favicon-32x32.png]
[getbootstrap.com/docs/4.3/assets/img/favicons/favicon-16x16.png]
[getbootstrap.com/docs/4.3/assets/img/favicons/manifest.json]
[getbootstrap.com/docs/4.3/assets/img/favicons/safari-pinned-tab.svg]
[getbootstrap.com/docs/4.3/assets/img/favicons/favicon.ico]
[getbootstrap.com/docs/4.3/assets/img/favicons/browserconfig.xml]
[getbootstrap.com/docs/4.3/assets/brand/bootstrap-social.png]
[getbootstrap.com/docs/4.3/assets/img/bootstrap-themes.png]
[getbootstrap.com/docs/4.3/getting-started/introduction/index.html]
[getbootstrap.com/docs/4.3/examples/index.html]
[getbootstrap.com/docs/4.3/assets/js/vendor/jquery-slim.min.js]
[getbootstrap.com/docs/4.2/index.html]
[getbootstrap.com/docs/4.3/index.html]
[getbootstrap.com/docs/4.0/index.html]
[getbootstrap.com/docs/4.3/dist/js/bootstrap.bundle.min.js]
[getbootstrap.com/2.3.2/index.html]
[getbootstrap.com/docs/3.3/index.html]
[getbootstrap.com/docs/3.4/index.html]
[getbootstrap.com/index.html]
[getbootstrap.com/docs/4.3/assets/js/docs.min.js]
[getbootstrap.com/docs/4.3/layout/overview/index.html]
[getbootstrap.com/docs/versions/index.html]
[getbootstrap.com/docs/4.3/dist/css/bootstrap.min.css]
[getbootstrap.com/docs/4.3/assets/css/docs.min.css]
[getbootstrap.com/docs/4.3/assets/img/favicons/safari-pinned-tab.svg]
[getbootstrap.com/docs/4.3/getting-started/download/index.html]
[getbootstrap.com/docs/4.3/about/overview/index.html]
[getbootstrap.com/docs/4.3/about/team/index.html]
[getbootstrap.com/docs/4.3/assets/brand/bootstrap-social-logo.png]
[getbootstrap.com/docs/4.3/getting-started/introduction/index.html]
[getbootstrap.com/docs/4.3/getting-started/javascript/index.html]
[getbootstrap.com/docs/4.3/assets/img/examples/album.png]
[getbootstrap.com/docs/4.3/getting-started/browsers-devices/index.html]
[getbootstrap.com/docs/4.3/getting-started/contents/index.html]
[getbootstrap.com/docs/4.3/getting-started/accessibility/index.html]
[getbootstrap.com/docs/4.3/getting-started/webpack/index.html]
[getbootstrap.com/docs/4.3/getting-started/theming/index.html]
[getbootstrap.com/docs/4.3/getting-started/build-tools/index.html]
[getbootstrap.com/docs/4.3/assets/img/examples/pricing.png]
[getbootstrap.com/docs/4.3/layout/utilities-for-layout/index.html]
[getbootstrap.com/docs/4.3/content/reboot/index.html]
[getbootstrap.com/docs/4.3/layout/grid/index.html]
[getbootstrap.com/docs/4.3/content/typography/index.html]
[getbootstrap.com/docs/4.3/assets/img/examples/checkout.png]
[getbootstrap.com/docs/4.3/content/code/index.html]
[getbootstrap.com/docs/4.3/content/images/index.html]
[getbootstrap.com/docs/4.3/content/tables/index.html]
[getbootstrap.com/docs/4.3/content/figures/index.html]
[getbootstrap.com/docs/4.3/assets/img/examples/product.png]
[getbootstrap.com/docs/4.3/components/breadcrumb/index.html]
[getbootstrap.com/docs/4.3/components/badge/index.html]
[getbootstrap.com/docs/4.3/components/buttons/index.html]
[getbootstrap.com/docs/4.3/components/alerts/index.html]
[getbootstrap.com/docs/4.3/assets/img/examples/cover.png]
[getbootstrap.com/docs/4.3/components/collapse/index.html]
[getbootstrap.com/docs/4.3/components/card/index.html]
[getbootstrap.com/docs/4.3/components/carousel/index.html]
[getbootstrap.com/docs/4.3/components/button-group/index.html]
[getbootstrap.com/docs/4.3/assets/img/examples/carousel.png]
[getbootstrap.com/docs/4.3/components/dropdowns/index.html]
[getbootstrap.com/docs/4.3/components/jumbotron/index.html]
[getbootstrap.com/docs/4.3/components/forms/index.html]
[getbootstrap.com/docs/4.3/components/input-group/index.html]
[getbootstrap.com/docs/4.3/assets/img/examples/blog.png]
[getbootstrap.com/docs/4.3/components/modal/index.html]
[getbootstrap.com/docs/4.3/components/list-group/index.html]
[getbootstrap.com/docs/4.3/components/media-object/index.html]
[getbootstrap.com/docs/4.3/components/navs/index.html]
[getbootstrap.com/docs/4.3/assets/img/examples/dashboard.png]
[getbootstrap.com/docs/4.3/components/pagination/index.html]
[getbootstrap.com/docs/4.3/components/popovers/index.html]
[getbootstrap.com/docs/4.3/components/navbar/index.html]
[getbootstrap.com/docs/4.3/components/progress/index.html]
[getbootstrap.com/docs/4.3/assets/img/examples/sign-in.png]
[getbootstrap.com/docs/4.3/components/spinners/index.html]
[getbootstrap.com/docs/4.3/components/scrollspy/index.html]
[getbootstrap.com/docs/4.3/components/toasts/index.html]
[getbootstrap.com/docs/4.3/components/tooltips/index.html]
[getbootstrap.com/docs/4.3/assets/img/examples/sticky-footer.png]
[getbootstrap.com/docs/4.3/utilities/clearfix/index.html]
[getbootstrap.com/docs/4.3/utilities/borders/index.html]
[getbootstrap.com/docs/4.3/utilities/close-icon/index.html]
[getbootstrap.com/docs/4.3/utilities/colors/index.html]
[getbootstrap.com/docs/4.3/assets/img/examples/sticky-footer-navbar.png]
[getbootstrap.com/docs/4.3/utilities/flex/index.html]
[getbootstrap.com/docs/4.3/utilities/float/index.html]
[getbootstrap.com/docs/4.3/utilities/display/index.html]
[getbootstrap.com/docs/4.3/utilities/embed/index.html]
[getbootstrap.com/docs/4.3/assets/img/examples/starter-template.png]
[getbootstrap.com/docs/4.3/utilities/image-replacement/index.html]
[getbootstrap.com/docs/4.3/utilities/overflow/index.html]
[getbootstrap.com/docs/4.3/utilities/screen-readers/index.html]
[getbootstrap.com/docs/4.3/utilities/position/index.html]
[getbootstrap.com/docs/4.3/assets/img/examples/grid.png]
[getbootstrap.com/docs/4.3/assets/img/examples/jumbotron.png]
[getbootstrap.com/docs/4.3/assets/img/examples/navbars.png]
[getbootstrap.com/docs/4.3/assets/img/examples/navbar-static.png]
[getbootstrap.com/docs/4.3/utilities/shadows/index.html]
[getbootstrap.com/docs/4.3/utilities/sizing/index.html]
[getbootstrap.com/docs/4.3/utilities/stretched-link/index.html]
[getbootstrap.com/docs/4.3/utilities/spacing/index.html]
[getbootstrap.com/docs/4.3/assets/img/examples/navbar-fixed.png]
[getbootstrap.com/docs/4.3/utilities/text/index.html]
[getbootstrap.com/docs/4.3/extend/approach/index.html]
[getbootstrap.com/docs/4.3/utilities/vertical-align/index.html]
[getbootstrap.com/docs/4.3/utilities/visibility/index.html]
[getbootstrap.com/docs/4.3/assets/img/examples/navbar-bottom.png]
[getbootstrap.com/docs/4.3/extend/icons/index.html]
[getbootstrap.com/docs/4.3/about/brand/index.html]
[getbootstrap.com/docs/4.3/about/license/index.html]
[getbootstrap.com/docs/4.3/migration/index.html]
[getbootstrap.com/docs/4.3/assets/img/examples/floating-labels.png]
[getbootstrap.com/docs/4.3/about/translations/index.html]
[getbootstrap.com/docs/4.3/examples/checkout/index.html]
[getbootstrap.com/docs/4.3/examples/pricing/index.html]
[getbootstrap.com/docs/4.3/examples/album/index.html]
[getbootstrap.com/docs/4.3/assets/img/examples/offcanvas.png]
[getbootstrap.com/docs/4.3/examples/index.html]
[getbootstrap.com/docs/4.3/examples/product/index.html]
[getbootstrap.com/docs/4.3/examples/cover/index.html]
[getbootstrap.com/docs/4.3/examples/carousel/index.html]
[getbootstrap.com/docs/4.3/examples/blog/index.html]
[getbootstrap.com/docs/4.3/examples/dashboard/index.html]
[getbootstrap.com/docs/4.3/examples/sign-in/index.html]
[getbootstrap.com/docs/4.3/examples/sticky-footer/index.html]
[getbootstrap.com/docs/4.3/index.html]
[getbootstrap.com/docs/4.3/examples/sticky-footer-navbar/index.html]
[getbootstrap.com/docs/4.2/index.html]
[getbootstrap.com/docs/4.3/examples/grid/index.html]
[getbootstrap.com/docs/4.3/examples/jumbotron/index.html]
[getbootstrap.com/docs/4.3/examples/starter-template/index.html]
[getbootstrap.com/docs/4.0/index.html]
[getbootstrap.com/docs/4.3/examples/navbars/index.html]
[getbootstrap.com/docs/4.3/examples/navbar-fixed/index.html]
[getbootstrap.com/docs/4.3/examples/navbar-static/index.html]
[getbootstrap.com/docs/4.3/examples/navbar-bottom/index.html]
[getbootstrap.com/docs/3.4/dist/css/bootstrap.min.css]
[getbootstrap.com/docs/4.3/examples/floating-labels/index.html]
[getbootstrap.com/docs/4.3/examples/offcanvas/index.html]
[getbootstrap.com/docs/4.2/getting-started/introduction/index.html]
[getbootstrap.com/docs/3.4/assets/css/docs.min.css]
[getbootstrap.com/docs/4.0/getting-started/introduction/index.html]
[getbootstrap.com/docs/3.4/apple-touch-icon.png]
[getbootstrap.com/docs/3.4/favicon.ico]
[getbootstrap.com/docs/3.4/assets/img/sass-less.png]
[getbootstrap.com/docs/3.4/getting-started/index.html]
[getbootstrap.com/docs/3.4/components/index.html]
[getbootstrap.com/docs/3.4/javascript/index.html]
[getbootstrap.com/docs/3.4/css/index.html]
[getbootstrap.com/docs/3.4/assets/img/devices.png]
[getbootstrap.com/docs/3.4/customize/index.html]
[getbootstrap.com/docs/3.4/assets/img/components.png]
[getbootstrap.com/docs/3.4/assets/img/bs-themes.png]
[getbootstrap.com/docs/3.4/assets/img/expo-lyft.jpg]
[getbootstrap.com/docs/3.4/assets/img/expo-vogue.jpg]
[getbootstrap.com/docs/3.4/assets/img/expo-newsweek.jpg]
[getbootstrap.com/docs/3.4/assets/js/vendor/jquery.min.js]
[getbootstrap.com/docs/3.4/dist/js/bootstrap.min.js]
[getbootstrap.com/docs/3.4/about/index.html]
[getbootstrap.com/docs/3.4/index.html]
[getbootstrap.com/docs/3.4/assets/js/docs.min.js]
[getbootstrap.com/docs/3.3/dist/css/bootstrap.min.css]
[getbootstrap.com/docs/3.3/assets/css/docs.min.css]
[getbootstrap.com/docs/3.3/assets/js/ie-emulation-modes-warning.js]
[getbootstrap.com/docs/3.3/apple-touch-icon.png]
[getbootstrap.com/docs/3.3/favicon.ico]
[getbootstrap.com/docs/3.3/assets/img/sass-less.png]
[getbootstrap.com/docs/index.html]
[getbootstrap.com/docs/3.3/css/index.html]
[getbootstrap.com/docs/3.3/getting-started/index.html]
[getbootstrap.com/docs/3.3/components/index.html]
[getbootstrap.com/docs/3.3/assets/img/devices.png]
[getbootstrap.com/docs/3.3/assets/img/components.png]
[getbootstrap.com/docs/3.3/assets/img/bs-themes.png]
[getbootstrap.com/docs/3.3/customize/index.html]
[getbootstrap.com/docs/3.3/javascript/index.html]
[getbootstrap.com/docs/3.3/assets/img/expo-lyft.jpg]
[getbootstrap.com/docs/getting-started/index.html]
[getbootstrap.com/docs/3.3/assets/img/expo-vogue.jpg]
[getbootstrap.com/docs/3.3/assets/img/expo-riot.jpg]
[getbootstrap.com/docs/3.3/assets/img/expo-newsweek.jpg]
[getbootstrap.com/docs/assets/js/vendor/jquery.min.js]
[getbootstrap.com/docs/3.3/dist/js/bootstrap.min.js]
[getbootstrap.com/docs/3.3/about/index.html]
[getbootstrap.com/docs/3.3/assets/js/docs.min.js]
[getbootstrap.com/docs/3.3/assets/js/ie10-viewport-bug-workaround.js]
[getbootstrap.com/docs/3.3/index.html]
[getbootstrap.com/2.3.2/assets/css/bootstrap.css]
[getbootstrap.com/2.3.2/assets/css/bootstrap-responsive.css]
[getbootstrap.com/2.3.2/assets/css/docs.css]
[getbootstrap.com/2.3.2/assets/js/google-code-prettify/prettify.css]
[getbootstrap.com/2.3.2/assets/ico/apple-touch-icon-144-precomposed.png]
[getbootstrap.com/2.3.2/assets/ico/apple-touch-icon-114-precomposed.png]
[getbootstrap.com/2.3.2/assets/ico/apple-touch-icon-72-precomposed.png]
[getbootstrap.com/2.3.2/assets/ico/apple-touch-icon-57-precomposed.png]
[getbootstrap.com/2.3.2/assets/ico/favicon.png]
[getbootstrap.com/2.3.2/index-2.html]
[getbootstrap.com/2.3.2/getting-started.html]
[getbootstrap.com/2.3.2/scaffolding.html]
[getbootstrap.com/2.3.2/base-css.html]
[getbootstrap.com/2.3.2/components.html]
[getbootstrap.com/2.3.2/javascript.html]
[getbootstrap.com/2.3.2/customize.html]
[getbootstrap.com/2.3.2/assets/bootstrap.zip]
[getbootstrap.com/2.3.2/extend.html]
[getbootstrap.com/2.3.2/assets/img/bs-docs-twitter-github.png]
[getbootstrap.com/2.3.2/assets/img/bs-docs-responsive-illustrations.png]
[getbootstrap.com/2.3.2/assets/img/bs-docs-bootstrap-features.png]
[getbootstrap.com/2.3.2/assets/img/example-sites/soundready.png]
[getbootstrap.com/2.3.2/assets/img/example-sites/kippt.png]
[getbootstrap.com/2.3.2/assets/img/example-sites/gathercontent.png]
[getbootstrap.com/2.3.2/assets/img/example-sites/jshint.png]
[getbootstrap.com/2.3.2/assets/js/jquery.js]
[getbootstrap.com/2.3.2/assets/js/bootstrap-transition.js]
[getbootstrap.com/2.3.2/assets/js/bootstrap-alert.js]
[getbootstrap.com/2.3.2/assets/js/bootstrap-modal.js]
[getbootstrap.com/2.3.2/assets/js/bootstrap-dropdown.js]
[getbootstrap.com/2.3.2/assets/js/bootstrap-scrollspy.js]
[getbootstrap.com/2.3.2/assets/js/bootstrap-tab.js]
[getbootstrap.com/2.3.2/assets/js/bootstrap-tooltip.js]
[getbootstrap.com/2.3.2/assets/js/bootstrap-popover.js]
[getbootstrap.com/2.3.2/assets/js/bootstrap-button.js]
[getbootstrap.com/2.3.2/assets/js/bootstrap-collapse.js]
[getbootstrap.com/2.3.2/assets/js/bootstrap-carousel.js]
[getbootstrap.com/2.3.2/assets/js/bootstrap-typeahead.js]
[getbootstrap.com/2.3.2/assets/js/bootstrap-affix.js]
[getbootstrap.com/2.3.2/assets/js/holder/holder.js]
[getbootstrap.com/2.3.2/assets/js/google-code-prettify/prettify.js]
[getbootstrap.com/2.3.2/index.html]
[getbootstrap.com/2.3.2/assets/js/application.js]
[getbootstrap.com/favicon.ico]
[getbootstrap.com/docs/versions/index.html]
[getbootstrap.com/1.4.0/index.html]
[getbootstrap.com/docs/4.3/getting-started/download/index.html]
[getbootstrap.com/1.3.0/index.html]
[getbootstrap.com/docs/4.3/layout/overview/index.html]
[getbootstrap.com/1.1.1/index.html]
[getbootstrap.com/1.2.0/index.html]
[getbootstrap.com/docs/4.3/about/overview/index.html]
[getbootstrap.com/1.1.0/index.html]
[getbootstrap.com/docs/4.3/about/team/index.html]
[getbootstrap.com/1.0.0/index.html]
[getbootstrap.com/2.3.1/index.html]
[getbootstrap.com/2.3.0/index.html]
[getbootstrap.com/docs/4.3/getting-started/contents/index.html]
[getbootstrap.com/2.2.2/index.html]
[getbootstrap.com/docs/4.3/getting-started/browsers-devices/index.html]
[getbootstrap.com/2.2.0/index.html]
[getbootstrap.com/2.2.1/index.html]
[getbootstrap.com/2.1.1/index.html]
[getbootstrap.com/docs/4.3/getting-started/javascript/index.html]
[getbootstrap.com/2.1.0/index.html]
[getbootstrap.com/docs/4.3/getting-started/theming/index.html]
[getbootstrap.com/2.0.2/index.html]
[getbootstrap.com/2.0.4/index.html]
[getbootstrap.com/docs/4.3/getting-started/build-tools/index.html]
[getbootstrap.com/2.0.3/index.html]
[getbootstrap.com/2.0.1/index.html]
[getbootstrap.com/docs/4.3/getting-started/webpack/index.html]
[getbootstrap.com/docs/4.3/getting-started/accessibility/index.html]
[getbootstrap.com/docs/4.3/layout/grid/index.html]
[getbootstrap.com/docs/4.3/layout/utilities-for-layout/index.html]
[getbootstrap.com/docs/4.3/content/reboot/index.html]
[getbootstrap.com/docs/4.3/content/typography/index.html]
[getbootstrap.com/docs/4.3/content/code/index.html]
[getbootstrap.com/docs/4.3/content/images/index.html]
[getbootstrap.com/docs/4.3/content/tables/index.html]
[getbootstrap.com/docs/4.3/content/figures/index.html]
[getbootstrap.com/docs/4.3/components/alerts/index.html]
[getbootstrap.com/docs/4.3/components/badge/index.html]
[getbootstrap.com/docs/4.3/components/breadcrumb/index.html]
[getbootstrap.com/docs/4.3/components/buttons/index.html]
[getbootstrap.com/docs/4.3/components/button-group/index.html]
[getbootstrap.com/docs/4.3/components/card/index.html]
[getbootstrap.com/docs/4.3/components/carousel/index.html]
[getbootstrap.com/docs/4.3/components/collapse/index.html]
[getbootstrap.com/docs/4.3/components/dropdowns/index.html]
[getbootstrap.com/docs/4.3/components/forms/index.html]
[getbootstrap.com/docs/4.3/components/input-group/index.html]
[getbootstrap.com/docs/4.3/components/jumbotron/index.html]
[getbootstrap.com/docs/4.3/components/list-group/index.html]
[getbootstrap.com/docs/4.3/components/media-object/index.html]
[getbootstrap.com/docs/4.3/components/modal/index.html]
[getbootstrap.com/docs/4.3/components/navs/index.html]
[getbootstrap.com/docs/4.1/index.html]
[getbootstrap.com/2.0.0/index.html]
[getbootstrap.com/docs/4.3/assets/brand/bootstrap-solid.svg]
[getbootstrap.com/docs/4.3/components/navbar/index.html]
[getbootstrap.com/docs/4.3/components/pagination/index.html]
[getbootstrap.com/docs/4.3/components/popovers/index.html]
[getbootstrap.com/docs/4.3/components/progress/index.html]
[getbootstrap.com/docs/4.3/components/scrollspy/index.html]
[getbootstrap.com/docs/4.3/components/spinners/index.html]
[getbootstrap.com/docs/4.3/components/toasts/index.html]
[getbootstrap.com/docs/4.3/components/tooltips/index.html]
[getbootstrap.com/docs/4.3/utilities/borders/index.html]
[getbootstrap.com/docs/4.3/utilities/clearfix/index.html]
[getbootstrap.com/docs/4.3/utilities/close-icon/index.html]
[getbootstrap.com/docs/4.3/utilities/colors/index.html]
[getbootstrap.com/docs/4.3/utilities/display/index.html]
[getbootstrap.com/docs/4.3/utilities/embed/index.html]
[getbootstrap.com/docs/4.3/utilities/flex/index.html]
[getbootstrap.com/docs/4.3/utilities/float/index.html]
[getbootstrap.com/docs/4.3/utilities/image-replacement/index.html]
[getbootstrap.com/docs/4.3/utilities/overflow/index.html]
[getbootstrap.com/docs/4.3/utilities/position/index.html]
[getbootstrap.com/docs/4.3/utilities/screen-readers/index.html]
[getbootstrap.com/docs/4.3/utilities/shadows/index.html]
[getbootstrap.com/docs/4.3/utilities/sizing/index.html]
[getbootstrap.com/docs/4.3/utilities/spacing/index.html]
[getbootstrap.com/docs/4.3/utilities/stretched-link/index.html]
[getbootstrap.com/docs/4.3/utilities/text/index.html]
[getbootstrap.com/docs/4.3/utilities/vertical-align/index.html]
[getbootstrap.com/docs/4.3/utilities/visibility/index.html]
[getbootstrap.com/docs/4.3/extend/approach/index.html]
[getbootstrap.com/docs/4.3/extend/icons/index.html]
[getbootstrap.com/docs/4.3/migration/index.html]
[getbootstrap.com/docs/4.3/browser-bugs/index.html]
[getbootstrap.com/docs/4.3/assets/brand/bootstrap-outline.svg]
[getbootstrap.com/docs/4.3/utilities/index.html]
[getbootstrap.com/docs/4.3/about/brand/index.html]
[getbootstrap.com/docs/4.3/about/license/index.html]
[getbootstrap.com/docs/4.3/about/translations/index.html]
[getbootstrap.com/docs/4.3/assets/brand/bootstrap-punchout.svg]
[getbootstrap.com/docs/4.3/examples/album/index.html]
[getbootstrap.com/docs/4.3/examples/album/album.css]
[getbootstrap.com/docs/4.3/examples/pricing/index.html]
[getbootstrap.com/docs/4.3/examples/pricing/pricing.css]
[getbootstrap.com/docs/4.3/examples/checkout/form-validation.css]
[getbootstrap.com/docs/4.3/examples/checkout/index.html]
[getbootstrap.com/docs/4.3/examples/checkout/form-validation.js]
[getbootstrap.com/docs/4.3/examples/product/index.html]
[getbootstrap.com/docs/4.3/examples/product/product.css]
[getbootstrap.com/docs/4.3/examples/cover/index.html]
[getbootstrap.com/docs/4.3/examples/cover/cover.css]
[getbootstrap.com/docs/4.3/examples/carousel/index.html]
[getbootstrap.com/docs/4.3/examples/carousel/carousel.css]
[getbootstrap.com/docs/4.3/examples/blog/index.html]
[getbootstrap.com/docs/4.3/examples/blog/blog.css]
[getbootstrap.com/docs/4.3/examples/dashboard/dashboard.css]
[getbootstrap.com/docs/4.3/examples/dashboard/index.html]
[getbootstrap.com/docs/4.3/examples/dashboard/dashboard.js]
[getbootstrap.com/docs/4.3/examples/sign-in/index.html]
[getbootstrap.com/docs/4.3/examples/sign-in/signin.css]
[getbootstrap.com/docs/4.3/examples/sticky-footer/index.html]
[getbootstrap.com/docs/4.3/examples/sticky-footer/sticky-footer.css]
[getbootstrap.com/docs/4.3/examples/sticky-footer-navbar/sticky-footer-navbar.css]
[getbootstrap.com/docs/4.3/examples/sticky-footer-navbar/index.html]
[getbootstrap.com/docs/4.3/examples/starter-template/index.html]
[getbootstrap.com/docs/4.3/examples/starter-template/starter-template.css]
[getbootstrap.com/docs/4.3/examples/grid/index.html]
[getbootstrap.com/docs/4.3/examples/grid/grid.css]
[getbootstrap.com/docs/4.3/examples/jumbotron/jumbotron.css]
[getbootstrap.com/docs/4.3/examples/jumbotron/index.html]
[getbootstrap.com/docs/4.3/examples/navbars/index.html]
[getbootstrap.com/docs/4.3/examples/navbars/navbar.css]
[getbootstrap.com/docs/4.3/examples/navbar-static/index.html]
[getbootstrap.com/docs/4.3/examples/navbar-static/navbar-top.css]
[getbootstrap.com/docs/4.3/examples/navbar-fixed/index.html]
[getbootstrap.com/docs/4.3/examples/navbar-bottom/index.html]
[getbootstrap.com/docs/4.3/examples/navbar-fixed/navbar-top-fixed.css]
[getbootstrap.com/docs/4.3/examples/floating-labels/index.html]
[getbootstrap.com/docs/4.3/examples/floating-labels/floating-labels.css]
[getbootstrap.com/docs/4.3/examples/offcanvas/offcanvas.css]
[getbootstrap.com/docs/4.3/examples/offcanvas/index.html]
[getbootstrap.com/docs/4.3/examples/offcanvas/offcanvas.js]
[getbootstrap.com/docs/4.2/dist/css/bootstrap.min.css]
[getbootstrap.com/docs/4.2/assets/css/docs.min.css]
[getbootstrap.com/docs/4.2/assets/img/favicons/apple-touch-icon.png]
[getbootstrap.com/docs/4.2/assets/img/favicons/favicon-32x32.png]
