[www.aivahthemes.com/wp/anona/index.html]
[backblue.gif]
[fade.gif]
[index.html]
[www.aivahthemes.com/wp/anona/wp-includes/js/jquery/jquery4a5f.js]
[www.aivahthemes.com/wp/anona/feed/index.html]
[www.aivahthemes.com/wp/anona/comments/feed/index.html]
[www.aivahthemes.com/wp/anona/frontpage/feed/index.html]
[www.aivahthemes.com/wp/anona/wp-json/index.html]
[www.aivahthemes.com/wp/anona/wp-includes/wlwmanifest.xml]
[www.aivahthemes.com/wp/anona/wp-json/oembed/1.0/embed02da.json]
[www.aivahthemes.com/wp/anona/wp-json/oembed/1.0/embede272]
[www.aivahthemes.com/wp/anona/wp-content/uploads/sites/2/anona-logo-1.png]
[www.aivahthemes.com/wp/anona/wp-content/uploads/sites/2/revslider/anona-slider-2017/bedbug_slider.jpg]
[www.aivahthemes.com/wp/anona/flex-slider/index.html]
[www.aivahthemes.com/wp/anona/wp-content/uploads/sites/2/revslider/anona-slider-2017/bug-dead-02.png]
[www.aivahthemes.com/wp/anona/home-page-2/index.html]
[www.aivahthemes.com/wp/anona/wp-content/uploads/sites/2/revslider/anona-slider-2017/spray.png]
[www.aivahthemes.com/wp/anona/home-page-3/index.html]
[www.aivahthemes.com/wp/anona/home-page-4/index.html]
[www.aivahthemes.com/wp/anona/wp-content/uploads/sites/2/revslider/anona-slider-2017/rat-icon.png]
[www.aivahthemes.com/wp/anona/wp-content/uploads/sites/2/revslider/anona-slider-2017/mosquito-icon.png]
[www.aivahthemes.com/wp/anona/wp-content/uploads/sites/2/revslider/anona-slider-2017/cockroach-icon.png]
[www.aivahthemes.com/wp/anona/home-page-5/index.html]
[www.aivahthemes.com/wp/anona/wp-content/uploads/sites/2/revslider/anona-slider-2017/terminte-slide.jpg]
[www.aivahthemes.com/wp/anona/wp-content/uploads/sites/2/revslider/anona-slider-2017/ant-icon.png]
[www.aivahthemes.com/wp/anona/wp-content/uploads/sites/2/bg_img_ps.jpg]
[www.aivahthemes.com/wp/anona/wp-content/uploads/sites/2/construction.jpg]
[www.aivahthemes.com/wp/anona/home-page-6/index.html]
[www.aivahthemes.com/wp/anona/wp-content/cache/autoptimize/2/js/autoptimize_ffbdec85a50fea7d4a00a34ed2f39eee.js]
[www.aivahthemes.com/wp/anona/home-page-7/index.html]
[www.aivahthemes.com/wp/anona/index.html]
[www.aivahthemes.com/wp/anona/home-page-8/index.html]
[www.aivahthemes.com/wp/anona/xmlrpc.html]
[www.aivahthemes.com/wp/anona/home-page-9/index.html]
[www.aivahthemes.com/wp/anona/wp-content/plugins/contact-form-7/images/ajax-loader.gif]
[www.aivahthemes.com/wp/anona/wp-content/plugins/anona-core/anona-shortcodes/css/fontawesome/fonts/fontawesome-webfont78ce.eot]
[www.aivahthemes.com/wp/anona/wp-content/plugins/anona-core/anona-shortcodes/css/images/opacs/dark10.16.delayed]
[www.aivahthemes.com/wp/anona/home-page-10/index.html]
[www.aivahthemes.com/wp/anona/home-page-11/index.html]
[www.aivahthemes.com/wp/anona/wp-content/plugins/revslider/public/assets/fonts/revicons/revicons90c6.eot]
[www.aivahthemes.com/wp/anona/home-page-12/index.html]
[www.aivahthemes.com/wp/anona/wp-content/plugins/woocommerce/assets/fonts/star.eot]
[www.aivahthemes.com/wp/anona/wp-content/themes/anona/images/code_bg.png]
[www.aivahthemes.com/wp/anona/about-us/index.html]
[www.aivahthemes.com/wp/anona/wp-content/themes/anona/images/prettyPhoto/default/sprite.png]
[www.aivahthemes.com/wp/anona/wp-content/themes/anona/css/fontawesome/fonts/fontawesome-webfont5b62.eot]
[www.aivahthemes.com/wp/anona/about-us/about-staff/index.html]
[www.aivahthemes.com/wp/anona/wp-content/themes/anona/css/fontello/font/aicon_038c.eot]
[www.aivahthemes.com/wp/anona/wp-content/themes/anona/images/menu-icon.png]
[www.aivahthemes.com/wp/anona/wp-content/uploads/sites/2/pests-bg-min.jpg]
[www.aivahthemes.com/wp/anona/pest-control/index.html]
[www.aivahthemes.com/wp/anona/services/index.html]
[www.aivahthemes.com/wp/anona/wp-content/cache/autoptimize/2/css/autoptimize_02107226faccd2818dea1a29919331cb.css]
[www.aivahthemes.com/wp/anona/residential-services/index.html]
[www.aivahthemes.com/wp/anona/wp-content/cache/autoptimize/2/css/autoptimize_dcb2de333eec7ab4ae31385ed8d6a393.css]
[www.aivahthemes.com/wp/anona/commercial-services/index.html]
[www.aivahthemes.com/wp/anona/xmlrpc0db0.html]
[www.aivahthemes.com/wp/anona/pest-categories/index.html]
[www.aivahthemes.com/wp/anona/appointment/index.html]
[www.aivahthemes.com/wp/anona/manage-un-confirm-appointments/index.html]
[www.aivahthemes.com/wp/anona/wp-json/oembed/1.0/embed6809.json]
[www.aivahthemes.com/wp/anona/wp-json/oembed/1.0/embed8486]
[www.aivahthemes.com/wp/anona/wp-content/uploads/sites/2/anona-slider-2.jpg]
[www.aivahthemes.com/wp/anona/confirm-appointments/index.html]
[www.aivahthemes.com/wp/anona/wp-content/uploads/sites/2/anona-slider-3.25.delayed]
[www.aivahthemes.com/wp/anona/manage-cancel-appointments/index.html]
[www.aivahthemes.com/wp/anona/shortcodes/index.html]
[www.aivahthemes.com/wp/anona/wp-content/uploads/sites/2/anona-slider-1.jpg]
[www.aivahthemes.com/wp/anona/wp-content/uploads/sites/2/pest-control-page.jpg]
[www.aivahthemes.com/wp/anona/shortcodes/accordian/index.html]
[www.aivahthemes.com/wp/anona/wp-content/cache/autoptimize/2/js/autoptimize_295ce75f31808a10423223198313edb9.js]
[www.aivahthemes.com/wp/anona/flex-slider/index.html]
[www.aivahthemes.com/wp/anona/shortcodes/alert-message-boxes/index.html]
[www.aivahthemes.com/wp/anona/wp-json/oembed/1.0/embed2c56.json]
[www.aivahthemes.com/wp/anona/shortcodes/blockquote/index.html]
[www.aivahthemes.com/wp/anona/shortcodes/boxes/index.html]
[www.aivahthemes.com/wp/anona/wp-json/oembed/1.0/embed5d03]
[www.aivahthemes.com/wp/anona/wp-content/uploads/sites/2/slide_bg1.jpg]
[www.aivahthemes.com/wp/anona/shortcodes/buttons/index.html]
[www.aivahthemes.com/wp/anona/wp-content/uploads/sites/2/bug-dead-02.png]
[www.aivahthemes.com/wp/anona/shortcodes/column-layouts/index.html]
[www.aivahthemes.com/wp/anona/wp-content/uploads/sites/2/spray.png]
[www.aivahthemes.com/wp/anona/wp-content/uploads/sites/2/rat_control.png]
[www.aivahthemes.com/wp/anona/wp-content/uploads/sites/2/masquito-control.png]
[www.aivahthemes.com/wp/anona/wp-content/uploads/sites/2/cockroach-control.png]
[www.aivahthemes.com/wp/anona/wp-content/uploads/sites/2/slide_bg2.jpg]
[www.aivahthemes.com/wp/anona/wp-content/uploads/sites/2/ant_control.png]
[www.aivahthemes.com/wp/anona/shortcodes/column-layouts-no-margin/index.html]
[www.aivahthemes.com/wp/anona/wp-content/uploads/sites/2/anona-logo.png]
[www.aivahthemes.com/wp/anona/shortcodes/dividers/index.html]
[www.aivahthemes.com/wp/anona/wp-content/uploads/sites/2/work-step1.jpg]
[www.aivahthemes.com/wp/anona/wp-content/uploads/sites/2/work-step2.jpg]
[www.aivahthemes.com/wp/anona/shortcodes/logo-showcase/index.html]
[www.aivahthemes.com/wp/anona/wp-content/uploads/sites/2/work-step3.jpg]
[www.aivahthemes.com/wp/anona/shortcodes/google-map/index.html]
[www.aivahthemes.com/wp/anona/wp-content/uploads/sites/2/work-step-final.jpg]
[www.aivahthemes.com/wp/anona/shortcodes/icon-boxes/index.html]
[www.aivahthemes.com/wp/anona/wp-content/uploads/sites/2/pest-control-staff.jpg]
[www.aivahthemes.com/wp/anona/shortcodes/list-icons/index.html]
[www.aivahthemes.com/wp/anona/shortcodes/milestone/index.html]
[www.aivahthemes.com/wp/anona/wp-content/uploads/sites/2/world_bg.jpg]
[www.aivahthemes.com/wp/anona/shortcodes/pests/index.html]
[www.aivahthemes.com/wp/anona/home-page-2/index.html]
[www.aivahthemes.com/wp/anona/shortcodes/staff-box/index.html]
[www.aivahthemes.com/wp/anona/wp-json/oembed/1.0/embed4d6c.json]
[www.aivahthemes.com/wp/anona/shortcodes/tabs/index.html]
[www.aivahthemes.com/wp/anona/wp-json/oembed/1.0/embed939d]
[www.aivahthemes.com/wp/anona/shortcodes/testimonials/index.html]
[www.aivahthemes.com/wp/anona/shortcodes/typography/index.html]
[www.aivahthemes.com/wp/anona/wp-content/uploads/sites/2/service-stpe1.jpg]
[www.aivahthemes.com/wp/anona/blog/index.html]
[www.aivahthemes.com/wp/anona/wp-content/uploads/sites/2/service-stpe2.jpg]
[www.aivahthemes.com/wp/anona/shop/index.html]
[www.aivahthemes.com/wp/anona/wp-content/uploads/sites/2/service-stpe3.jpg]
[www.aivahthemes.com/wp/anona/wp-content/uploads/sites/2/trust2.jpg]
[www.aivahthemes.com/wp/anona/wp-content/uploads/sites/2/safety2.jpg]
[www.aivahthemes.com/wp/anona/contact-us/index.html]
[www.aivahthemes.com/wp/anona/wp-content/uploads/sites/2/guarantee2.jpg]
[www.aivahthemes.com/wp/anona/flex-slider/feed/index.html]
[www.aivahthemes.com/wp/anona/contact-us-2/index.html]
[www.aivahthemes.com/wp/anona/wp-content/uploads/sites/2/expertise2.jpg]
[www.aivahthemes.com/wp/anona/index649f.html]
[www.aivahthemes.com/wp/anona/home-page-3/index.html]
[www.aivahthemes.com/wp/anona/wp-content/cache/autoptimize/2/js/autoptimize_484a5eb336fe058761c827503708e0ac.js]
[www.aivahthemes.com/wp/anona/index88e8.html]
[www.aivahthemes.com/wp/anona/wp-json/oembed/1.0/embedf766.json]
[www.aivahthemes.com/wp/anona/index89ee.html]
[www.aivahthemes.com/wp/anona/wp-json/oembed/1.0/embed015c]
[www.aivahthemes.com/wp/anona/indexd042.html]
[www.aivahthemes.com/wp/anona/wp-content/uploads/sites/2/anona_appointment_page.jpg]
[www.aivahthemes.com/wp/anona/wp-content/uploads/sites/2/anona_pestshocase.jpg]
[www.aivahthemes.com/wp/anona/wp-content/uploads/sites/2/bed-bug-480x480.jpg]
[www.aivahthemes.com/wp/anona/wp-content/uploads/sites/2/scorpions-480x480.jpg]
[www.aivahthemes.com/wp/anona/wp-content/uploads/sites/2/hornets-480x480.jpg]
[www.aivahthemes.com/wp/anona/wp-content/uploads/sites/2/mosquitoes-480x480.jpg]
[www.aivahthemes.com/wp/anona/wp-content/uploads/sites/2/cockroaches-480x480.jpg]
[www.aivahthemes.com/wp/anona/index6108.html]
[www.aivahthemes.com/wp/anona/wp-content/uploads/sites/2/spiders-480x480.jpg]
[www.aivahthemes.com/wp/anona/wp-content/uploads/sites/2/silverfish-480x480.jpg]
[www.aivahthemes.com/wp/anona/wp-content/uploads/sites/2/snake-480x480.jpg]
[www.aivahthemes.com/wp/anona/wp-content/uploads/sites/2/flies-480x480.jpg]
[www.aivahthemes.com/wp/anona/wp-content/uploads/sites/2/rodents-480x480.jpg]
[www.aivahthemes.com/wp/anona/index8f2b.html]
[www.aivahthemes.com/wp/anona/wp-content/uploads/sites/2/termites-480x480.jpg]
[www.aivahthemes.com/wp/anona/indexe9c8.html]
[www.aivahthemes.com/wp/anona/wp-content/uploads/sites/2/ant-480x480.jpg]
[www.aivahthemes.com/wp/anona/home-page-4/index.html]
[www.aivahthemes.com/wp/anona/indexb936.html]
[www.aivahthemes.com/wp/anona/wp-json/oembed/1.0/embedaf19.json]
[www.aivahthemes.com/wp/anona/index7d0f.html]
[www.aivahthemes.com/wp/anona/indexc34f.html]
[www.aivahthemes.com/wp/anona/index5e36.html]
[www.aivahthemes.com/wp/anona/wp-json/oembed/1.0/embedac90]
[www.aivahthemes.com/wp/anona/wp-content/uploads/sites/2/step2.jpg]
[www.aivahthemes.com/wp/anona/index9072.html]
[www.aivahthemes.com/wp/anona/wp-content/cache/autoptimize/2/js/autoptimize_e777001b9fb21d859e42ab092f19ce30.js]
[www.aivahthemes.com/wp/anona/indexc6ce.html]
[www.aivahthemes.com/wp/anona/home-page-5/index.html]
[www.aivahthemes.com/wp/anona/index7efd.html]
[www.aivahthemes.com/wp/anona/index774d.html]
[www.aivahthemes.com/wp/anona/indexdac5.html]
[www.aivahthemes.com/wp/anona/wp-json/oembed/1.0/embed777c.json]
[www.aivahthemes.com/wp/anona/index096f.html]
[www.aivahthemes.com/wp/anona/wp-json/oembed/1.0/embedf096]
[www.aivahthemes.com/wp/anona/home-page-6/index.html]
[www.aivahthemes.com/wp/anona/index2c41.html]
[www.aivahthemes.com/wp/anona/index0fd2.html]
[www.aivahthemes.com/wp/anona/wp-json/oembed/1.0/embed5cf1.json]
[www.aivahthemes.com/wp/anona/wp-json/oembed/1.0/embeda578]
[www.aivahthemes.com/wp/anona/wp-content/uploads/sites/2/photo_08.jpg]
[www.aivahthemes.com/wp/anona/wp-content/uploads/sites/2/photo_05.jpg]
[www.aivahthemes.com/wp/anona/wp-content/uploads/sites/2/photo_04.jpg]
[www.aivahthemes.com/wp/anona/wp-content/uploads/sites/2/photo_01.jpg]
[www.aivahthemes.com/wp/anona/wp-content/uploads/sites/2/photo_08-150x150.jpg]
[www.aivahthemes.com/wp/anona/wp-content/uploads/sites/2/photo_05-150x150.jpg]
[www.aivahthemes.com/wp/anona/wp-content/uploads/sites/2/photo_04-150x150.jpg]
[www.aivahthemes.com/wp/anona/wp-content/uploads/sites/2/photo_01-150x150.jpg]
[www.aivahthemes.com/wp/anona/home-page-7/index.html]
[www.aivahthemes.com/wp/anona/wp-content/uploads/sites/2/step3.jpg]
[www.aivahthemes.com/wp/anona/index0a68.html]
[www.aivahthemes.com/wp/anona/wp-json/oembed/1.0/embed9fbd.json]
[www.aivahthemes.com/wp/anona/wp-json/oembed/1.0/embed7eee]
[www.aivahthemes.com/wp/anona/wp-content/uploads/sites/2/spider_control.png]
[www.aivahthemes.com/wp/anona/wp-content/uploads/sites/2/tab-img-1.jpg]
[www.aivahthemes.com/wp/anona/wp-content/uploads/sites/2/tab-img-2.jpg]
[www.aivahthemes.com/wp/anona/wp-content/uploads/sites/2/tab-img-3.jpg]
[www.aivahthemes.com/wp/anona/home-page-8/index.html]
[www.aivahthemes.com/wp/anona/wp-json/oembed/1.0/embed6cb2.json]
[www.aivahthemes.com/wp/anona/wp-json/oembed/1.0/embedc2ef]
[www.aivahthemes.com/wp/anona/home-page-9/index.html]
[www.aivahthemes.com/wp/anona/index693d.html]
[www.aivahthemes.com/wp/anona/wp-json/oembed/1.0/embed9277.json]
[www.aivahthemes.com/wp/anona/wp-json/oembed/1.0/embed0ba5]
[www.aivahthemes.com/wp/anona/indexd473.html]
[www.aivahthemes.com/wp/anona/home-page-10/index.html]
[www.aivahthemes.com/wp/anona/wp-content/uploads/sites/2/MichaelKB2_504.jpg]
[www.aivahthemes.com/wp/anona/wp-json/oembed/1.0/embed98f2.json]
[www.aivahthemes.com/wp/anona/indexda0b.html]
[www.aivahthemes.com/wp/anona/home-page-11/index.html]
[www.aivahthemes.com/wp/anona/wp-json/oembed/1.0/embed62b0]
[www.aivahthemes.com/wp/anona/wp-json/oembed/1.0/embed3a15.json]
[www.aivahthemes.com/wp/anona/indexd12a.html]
[www.aivahthemes.com/wp/anona/wp-json/oembed/1.0/embedbd5c]
[www.aivahthemes.com/wp/anona/wp-content/uploads/sites/2/cd_4_flat.jpg]
[www.aivahthemes.com/wp/anona/home-page-12/index.html]
[www.aivahthemes.com/wp/anona/wp-json/oembed/1.0/embed0dbf.json]
[www.aivahthemes.com/wp/anona/about-us/feed/index.html]
[www.aivahthemes.com/wp/anona/index905b.html]
[www.aivahthemes.com/wp/anona/wp-json/oembed/1.0/embed8767]
[www.aivahthemes.com/wp/anona/wp-content/uploads/sites/2/docklands-353710_640.jpg]
[www.aivahthemes.com/wp/anona/about-us/index.html]
[www.aivahthemes.com/wp/anona/wp-content/uploads/sites/2/response.png]
[www.aivahthemes.com/wp/anona/wp-json/oembed/1.0/embed3c5f.json]
[www.aivahthemes.com/wp/anona/index51ca.html]
[www.aivahthemes.com/wp/anona/about-us/about-staff/index.html]
[www.aivahthemes.com/wp/anona/wp-json/oembed/1.0/embeddf0b]
[www.aivahthemes.com/wp/anona/wp-json/oembed/1.0/embed71dd.json]
[www.aivahthemes.com/wp/anona/pest-control/feed/index.html]
[www.aivahthemes.com/wp/anona/index8ebd.html]
[www.aivahthemes.com/wp/anona/wp-json/oembed/1.0/embed26c4]
[www.aivahthemes.com/wp/anona/wp-content/uploads/sites/2/ant.jpg]
[www.aivahthemes.com/wp/anona/pest/ants/acrobat-ant/index.html]
[www.aivahthemes.com/wp/anona/wp-content/uploads/sites/2/cockroaches.jpg]
[www.aivahthemes.com/wp/anona/pest/cockroach/american-cockroach/index.html]
[www.aivahthemes.com/wp/anona/wp-content/uploads/sites/2/bed-bug.jpg]
[www.aivahthemes.com/wp/anona/pest/bed-bug/bed-bugs/index.html]
[www.aivahthemes.com/wp/anona/wp-content/uploads/sites/2/dampwood-termite.jpg]
[www.aivahthemes.com/wp/anona/wp-content/uploads/sites/2/termites.jpg]
[www.aivahthemes.com/wp/anona/wp-content/uploads/sites/2/field-ant.jpg]
[www.aivahthemes.com/wp/anona/pest/termites/dampwood-termites/index.html]
[www.aivahthemes.com/wp/anona/wp-content/uploads/sites/2/flies.jpg]
[www.aivahthemes.com/wp/anona/wp-content/uploads/sites/2/german-cockroach.jpg]
[www.aivahthemes.com/wp/anona/pest/termites/drywood-termites/index.html]
[www.aivahthemes.com/wp/anona/wp-content/uploads/sites/2/hornets.jpg]
[www.aivahthemes.com/wp/anona/wp-content/uploads/sites/2/house-mice.jpg]
[www.aivahthemes.com/wp/anona/wp-content/uploads/sites/2/mosquitoes.jpg]
[www.aivahthemes.com/wp/anona/pest/ants/field-ant/index.html]
[www.aivahthemes.com/wp/anona/pest/flies/flies-2/index.html]
[www.aivahthemes.com/wp/anona/wp-content/uploads/sites/2/scorpions.jpg]
[www.aivahthemes.com/wp/anona/pest/cockroach/german-cockroach/index.html]
[www.aivahthemes.com/wp/anona/wp-content/uploads/sites/2/step1.jpg]
[www.aivahthemes.com/wp/anona/pest/hornets/hornets-2/index.html]
[www.aivahthemes.com/wp/anona/pest-control/index.html]
[www.aivahthemes.com/wp/anona/pest/rodents/house-rat/index.html]
[www.aivahthemes.com/wp/anona/wp-json/oembed/1.0/embed3e1d.json]
[www.aivahthemes.com/wp/anona/wp-json/oembed/1.0/embed09f0]
[www.aivahthemes.com/wp/anona/wp-content/uploads/sites/2/residential.jpg]
[www.aivahthemes.com/wp/anona/services/index.html]
[www.aivahthemes.com/wp/anona/pest/mosquitoes/mosquitoes-2/index.html]
[www.aivahthemes.com/wp/anona/pest/scorpions/scorpions-2/index.html]
[www.aivahthemes.com/wp/anona/wp-json/oembed/1.0/embede143.json]
[www.aivahthemes.com/wp/anona/wp-json/oembed/1.0/embed85c7]
[www.aivahthemes.com/wp/anona/wp-content/uploads/sites/2/stars.png]
[www.aivahthemes.com/wp/anona/residential-services/index.html]
[www.aivahthemes.com/wp/anona/services/feed/index.html]
[www.aivahthemes.com/wp/anona/index73fc.html]
[www.aivahthemes.com/wp/anona/residential-services/feed/index.html]
[www.aivahthemes.com/wp/anona/indexf7ef.html]
[www.aivahthemes.com/wp/anona/index22c9.html]
[www.aivahthemes.com/wp/anona/commercial-services/feed/index.html]
[www.aivahthemes.com/wp/anona/wp-json/oembed/1.0/embed6496.json]
[www.aivahthemes.com/wp/anona/wp-json/oembed/1.0/embed3186]
[www.aivahthemes.com/wp/anona/wp-content/uploads/sites/2/commerical.jpg]
[www.aivahthemes.com/wp/anona/wp-content/uploads/sites/2/commercial_1.jpg]
[www.aivahthemes.com/wp/anona/wp-content/uploads/sites/2/office.jpg]
[www.aivahthemes.com/wp/anona/wp-content/uploads/sites/2/kitchen.jpg]
[www.aivahthemes.com/wp/anona/wp-content/uploads/sites/2/factory.jpg]
[www.aivahthemes.com/wp/anona/commercial-services/index.html]
[www.aivahthemes.com/wp/anona/wp-json/oembed/1.0/embed8914.json]
[www.aivahthemes.com/wp/anona/pest-categories/feed/index.html]
[www.aivahthemes.com/wp/anona/index1b67.html]
[www.aivahthemes.com/wp/anona/pest-categories/index.html]
[www.aivahthemes.com/wp/anona/wp-json/oembed/1.0/embeda84f]
[www.aivahthemes.com/wp/anona/appointment/feed/index.html]
[www.aivahthemes.com/wp/anona/wp-json/oembed/1.0/embed9aac]
[www.aivahthemes.com/wp/anona/index5643.html]
[www.aivahthemes.com/wp/anona/wp-json/oembed/1.0/embed5321]
[www.aivahthemes.com/wp/anona/appointment/index.html]
[www.aivahthemes.com/wp/anona/wp-json/oembed/1.0/embed1e90.json]
[www.aivahthemes.com/wp/anona/index5732.html]
[www.aivahthemes.com/wp/anona/manage-un-confirm-appointments/feed/index.html]
[www.aivahthemes.com/wp/anona/wp-json/oembed/1.0/embedd996]
[www.aivahthemes.com/wp/anona/manage-un-confirm-appointments/index.html]
[www.aivahthemes.com/wp/anona/wp-login55c5.html]
[www.aivahthemes.com/wp/anona/wp-json/oembed/1.0/embedf7a9.json]
[www.aivahthemes.com/wp/anona/manage-un-confirm-appointments/page/2/index.html]
[www.aivahthemes.com/wp/anona/confirm-appointments/feed/index.html]
[www.aivahthemes.com/wp/anona/index8aff.html]
[www.aivahthemes.com/wp/anona/wp-json/oembed/1.0/embed8f50]
[www.aivahthemes.com/wp/anona/confirm-appointments/index.html]
[www.aivahthemes.com/wp/anona/wp-json/oembed/1.0/embed2ba4.json]
[www.aivahthemes.com/wp/anona/index91e4.html]
[www.aivahthemes.com/wp/anona/manage-cancel-appointments/feed/index.html]
[www.aivahthemes.com/wp/anona/manage-cancel-appointments/index.html]
[www.aivahthemes.com/wp/anona/wp-json/oembed/1.0/embed2b54]
[www.aivahthemes.com/wp/anona/wp-json/oembed/1.0/embed93c4.json]
                                                                                                                                                                                                                                                                                                                                                                                                                                                                                                                                                                                                                                                                                                                                                                                                                                                                                                                                                                                                                                       